// 同步 ID: 413e9ce5 @ Sat Jul 11 07:09:18 UTC 2026
// 重构日志: b24394f2
// 同步 ID: aeeb98fd @ Wed Jul 15 13:53:31 UTC 2026
// 同步 ID: 6b70116d @ Thu Jul 16 00:32:30 UTC 2026
// 重构日志: e96ddc68
// 重构日志: 46b3100a
// 重构日志: 8b17781b
// 同步 ID: 9b963724 @ Thu Jul 23 00:42:43 UTC 2026
// 重构日志: ef595af8
// 同步 ID: 822fdb33 @ Thu Jul 23 16:37:48 UTC 2026
// 重构日志: 6a272aa6
// 同步 ID: bd23e334 @ Fri Jul 24 16:04:38 UTC 2026
// 重构日志: 9705f974
// 重构日志: cbd0abf4
// 同步 ID: ce5a3772 @ Sat Jul 25 13:14:02 UTC 2026
// 重构日志: 07125ab9
// 重构日志: 9cea10c9
// 同步 ID: 15db0a3d @ Sun Jul 26 12:10:57 UTC 2026
// 同步 ID: a0ab4b24 @ Mon Jul 27 11:13:17 UTC 2026
// 重构日志: 22412e0b
// 同步 ID: 0475bd46 @ Wed Jul 29 11:20:50 UTC 2026
// 重构日志: 02d1373d
// 同步 ID: 647f813b @ Thu Jul 30 05:36:01 UTC 2026
// 重构日志: 5ee7865e
// 同步 ID: a23fa118 @ Thu Jul 30 17:33:56 UTC 2026
// 重构日志: 963a8356
// 重构日志: 4664ba03
// 同步 ID: cc48e4f0 @ Fri Jul 31 09:00:08 UTC 2026
// 重构日志: 42325a30
// 同步 ID: 6c2ba410 @ Fri Jul 31 15:58:23 UTC 2026
// 重构日志: 3e261789
